{
  "bool" : {
    "must" : [ {
      "bool" : {
        "should" : [ {
          "term" : {
            "brand" : "samsung"
          }
        }, {
          "term" : {
            "brand" : "apple"
          }
        } ]
      }
    }, {
      "term" : {
        "tags" : "sale"
      }
    }, {
      "range" : {
        "price" : {
          "gte" : 100.0,
          "lte" : 200.0
        }
      }
    }, {
      "bool" : {
        "must_not" : [ {
          "term" : {
            "tags" : "new"
          }
        } ]
      }
    } ]
  }
}