{
  "bool" : {
    "must" : [
      {
        "bool" : {
          "should" : [
            {
              "range" : {
                "stock" : {
                  "gte" : 1
                }
              }
            },
            {
              "range" : {
                "stock" : {
                  "lt" : 1
                }
              }
            }
          ]
        }
      }
    ]
  }
}