{
  "bool" : {
    "must" : [
      {
        "range" : {
          "stock" : {
            "gte" : 1
          }
        }
      }
    ]
  }
}