{
  "bool": {
    "must": [
      {
        "bool": {
          "must": [
            {
              "term": {
                "tag": "wago"
              }
            },
            {
              "term": {
                "tag": "kaiser"
              }
            }
          ]
        }
      },
      {
        "range": {
          "price": {
            "gte": 100.0,
            "lte": 200.0
          }
        }
      }
    ]
  }
}